no changes added to commit (use "git add" and/or "git commit -a")
agil8542@caelumBSB03-08:~/workspace/pm87-exemplo$ git checkout
D	novoarquivo.txt
Your branch is ahead of 'origin/master' by 1 commit.
  (use "git push" to publish your local commits)
agil8542@caelumBSB03-08:~/workspace/pm87-exemplo$ git checkout novoarquivo.txt
agil8542@caelumBSB03-08:~/workspace/pm87-exemplo$ ls
caelum  fj91  novoarquivo.txt  pm83  pm87  tulio.txt
agil8542@caelumBSB03-08:~/workspace/pm87-exemplo$ git config --global --add alias.s status
agil8542@caelumBSB03-08:~/workspace/pm87-exemplo$ git s
On branch master
Your branch is ahead of 'origin/master' by 1 commit.
  (use "git push" to publish your local commits)

nothing to commit, working tree clean
agil8542@caelumBSB03-08:~/workspace/pm87-exemplo$ git config --global -l
user.name=tulio
user.email=tulioucb@gmail.com
alias.s=status
agil8542@caelumBSB03-08:~/workspace/pm87-exemplo$ clear

agil8542@caelumBSB03-08:~/workspace/pm87-exemplo$ cd ..
agil8542@caelumBSB03-08:~/workspace$ mkdir pm87-anotacoes
agil8542@caelumBSB03-08:~/workspace$ cd pm87-anotacoes/
agil8542@caelumBSB03-08:~/workspace/pm87-anotacoes$ git init
Initialized empty Git repository in /home/agil8542/workspace/pm87-anotacoes/.git/
agil8542@caelumBSB03-08:~/workspace/pm87-anotacoes$ touch TesteGit.java
agil8542@caelumBSB03-08:~/workspace/pm87-anotacoes$ git remote add origin git@github.com:tulio-araujo/pm87-anotacoes.git
agil8542@caelumBSB03-08:~/workspace/pm87-anotacoes$ git push -u origin master
error: src refspec master does not match any.
error: failed to push some refs to 'git@github.com:tulio-araujo/pm87-anotacoes.git'
agil8542@caelumBSB03-08:~/workspace/pm87-anotacoes$ git add .
agil8542@caelumBSB03-08:~/workspace/pm87-anotacoes$ git commit -m "primeiro commit do projeto tulio"
[master (root-commit) 73868c0] primeiro commit do projeto tulio
 1 file changed, 6 insertions(+)
 create mode 100644 TesteGit.java
agil8542@caelumBSB03-08:~/workspace/pm87-anotacoes$ ssh-keygen -C tulioucb@gmail.com -t rsa
Generating public/private rsa key pair.
Enter file in which to save the key (/home/agil8542/.ssh/id_rsa): tulio-key
Enter passphrase (empty for no passphrase): 
Enter same passphrase again: 
Your identification has been saved in tulio-key.
Your public key has been saved in tulio-key.pub.
The key fingerprint is:
SHA256:zwDlXrik2JTFGkMzVNQ85HRuhRq9AScQCw1BYHIXR9w tulioucb@gmail.com
The key's randomart image is:
+---[RSA 2048]----+
|  . +=%@XB=oo..  |
|   + .oX+=E=+.   |
|      ++= o+oo   |
|     +.= o...    |
|    . o S        |
|         +       |
|          o      |
|                 |
|                 |
+----[SHA256]-----+
agil8542@caelumBSB03-08:~/workspace/pm87-anotacoes$ gedit ~/.ssh/id_rsa.pub
agil8542@caelumBSB03-08:~/workspace/pm87-anotacoes$ gedit ~/.ssh/tulio-key.pub
agil8542@caelumBSB03-08:~/workspace/pm87-anotacoes$ ssh-keygen -C tulioucb@gmail.com -t rsa
Generating public/private rsa key pair.
Enter file in which to save the key (/home/agil8542/.ssh/id_rsa): 
Created directory '/home/agil8542/.ssh'.
Enter passphrase (empty for no passphrase): 
Enter same passphrase again: 
Your identification has been saved in /home/agil8542/.ssh/id_rsa.
Your public key has been saved in /home/agil8542/.ssh/id_rsa.pub.
The key fingerprint is:
SHA256:4cufS+j8xl+OfvJCuy9I/uwgqZmp4ggzMQ1Os4sU23M tulioucb@gmail.com
The key's randomart image is:
+---[RSA 2048]----+
|                 |
|                 |
|.+      .        |
|oo*    . .       |
|o=.o E  S        |
|oo. o  . +. .    |
|=.      *+oo ..  |
|.+.    B +=+=+.  |
|......= oo=*OO+  |
+----[SHA256]-----+
agil8542@caelumBSB03-08:~/workspace/pm87-anotacoes$ gedit ~/.ssh/id_rsa.pub
agil8542@caelumBSB03-08:~/workspace/pm87-anotacoes$ git push origin master
The authenticity of host 'github.com (140.82.114.3)' can't be established.
RSA key fingerprint is SHA256:nThbg6kXUpJWGl7E1IGOCspRomTxdCARLviKw6E5SY8.
Are you sure you want to continue connecting (yes/no)? yes
Warning: Permanently added 'github.com,140.82.114.3' (RSA) to the list of known hosts.
Counting objects: 3, done.
Delta compression using up to 4 threads.
Compressing objects: 100% (2/2), done.
Writing objects: 100% (3/3), 330 bytes | 330.00 KiB/s, done.
Total 3 (delta 0), reused 0 (delta 0)
To github.com:tulio-araujo/pm87-anotacoes.git
 * [new branch]      master -> master
agil8542@caelumBSB03-08:~/workspace/pm87-anotacoes$ ^C
agil8542@caelumBSB03-08:~/workspace/pm87-anotacoes$ 
agil8542@caelumBSB03-08:~/workspace/pm87-anotacoes$ git branch
* master
agil8542@caelumBSB03-08:~/workspace/pm87-anotacoes$ git branch bug
agil8542@caelumBSB03-08:~/workspace/pm87-anotacoes$ git branch 
  bug
* master
agil8542@caelumBSB03-08:~/workspace/pm87-anotacoes$ git checkout bug
Switched to branch 'bug'
agil8542@caelumBSB03-08:~/workspace/pm87-anotacoes$ git branch 
* bug
  master

grow, mark and tweak your common history
   branch     List, create, or delete branches
   checkout   Switch branches or restore working tree files
   commit     Record changes to the repository
   diff       Show changes between commits, commit and working tree, etc
   merge      Join two or more development histories together
   rebase     Reapply commits on top of another base tip
   tag        Create, list, delete or verify a tag object signed with GPG

collaborate (see also: git help workflows)
   fetch      Download objects and refs from another repository
   pull       Fetch from and integrate with another repository or a local branch
   push       Update remote refs along with associated objects

'git help -a' and 'git help -g' list available subcommands and some
concept guides. See 'git help <command>' or 'git help <concept>'
to read about a specific subcommand or concept.
agil8542@caelumBSB03-08:~/workspace/pm87-anotacoes$ git add help
fatal: pathspec 'help' did not match any files
agil8542@caelumBSB03-08:~/workspace/pm87-anotacoes$ git add ?
fatal: pathspec '?' did not match any files
agil8542@caelumBSB03-08:~/workspace/pm87-anotacoes$ clear

agil8542@caelumBSB03-08:~/workspace/pm87-anotacoes$ git add -r
error: unknown switch `r'
usage: git add [<options>] [--] <pathspec>...

    -n, --dry-run         dry run
    -v, --verbose         be verbose

    -i, --interactive     interactive picking
    -p, --patch           select hunks interactively
    -e, --edit            edit current diff and apply
    -f, --force           allow adding otherwise ignored files
    -u, --update          update tracked files
    --renormalize         renormalize EOL of tracked files (implies -u)
    -N, --intent-to-add   record only the fact that the path will be added later
    -A, --all             add changes from all tracked and untracked files
    --ignore-removal      ignore paths removed in the working tree (same as --no-all)
    --refresh             don't add, only refresh the index
    --ignore-errors       just skip files which cannot be added because of errors
    --ignore-missing      check if - even missing - files are ignored in dry run
    --chmod <(+/-)x>      override the executable bit of the listed files

agil8542@caelumBSB03-08:~/workspace/pm87-anotacoes$ git add curso.txt 
agil8542@caelumBSB03-08:~/workspace/pm87-anotacoes$ git log
commit 73868c00406bf447eb066e271ea7bd3b21be1582 (HEAD -> bug, origin/master, master)
Author: tulio <tulioucb@gmail.com>
Date:   Mon Oct 7 11:41:09 2019 -0300

    primeiro commit do projeto tulio
agil8542@caelumBSB03-08:~/workspace/pm87-anotacoes$ git status
On branch bug
Changes to be committed:
  (use "git reset HEAD <file>..." to unstage)

	new file:   curso.txt
	new file:   tulio-key
	new file:   tulio-key.pub

agil8542@caelumBSB03-08:~/workspace/pm87-anotacoes$ git reset tulio-key
agil8542@caelumBSB03-08:~/workspace/pm87-anotacoes$ git status
On branch bug
Changes to be committed:
  (use "git reset HEAD <file>..." to unstage)

	new file:   curso.txt
	new file:   tulio-key.pub

Untracked files:
  (use "git add <file>..." to include in what will be committed)

	tulio-key

agil8542@caelumBSB03-08:~/workspace/pm87-anotacoes$ git reset tulio-key.pub
agil8542@caelumBSB03-08:~/workspace/pm87-anotacoes$ git status
On branch bug
Changes to be committed:
  (use "git reset HEAD <file>..." to unstage)

	new file:   curso.txt

Untracked files:
  (use "git add <file>..." to include in what will be committed)

	tulio-key
	tulio-key.pub

agil8542@caelumBSB03-08:~/workspace/pm87-anotacoes$ git commit -m "arquivo curso"
[bug 7b53e0f] arquivo curso
 1 file changed, 108 insertions(+)
 create mode 100644 curso.txt
agil8542@caelumBSB03-08:~/workspace/pm87-anotacoes$ git status
On branch bug
Untracked files:
  (use "git add <file>..." to include in what will be committed)

	tulio-key
	tulio-key.pub

nothing added to commit but untracked files present (use "git add" to track)
agil8542@caelumBSB03-08:~/workspace/pm87-anotacoes$ git pull
Warning: Permanently added the RSA host key for IP address '192.30.253.112' to the list of known hosts.
There is no tracking information for the current branch.
Please specify which branch you want to merge with.
See git-pull(1) for details.

    git pull <remote> <branch>

If you wish to set tracking information for this branch you can do so with:

    git branch --set-upstream-to=origin/<branch> bug

agil8542@caelumBSB03-08:~/workspace/pm87-anotacoes$ git push origin master
Warning: Permanently added the RSA host key for IP address '192.30.253.113' to the list of known hosts.
Everything up-to-date
agil8542@caelumBSB03-08:~/workspace/pm87-anotacoes$ git push origin bug
Counting objects: 3, done.
Delta compression using up to 4 threads.
Compressing objects: 100% (3/3), done.
Writing objects: 100% (3/3), 1.69 KiB | 1.69 MiB/s, done.
Total 3 (delta 0), reused 0 (delta 0)
remote: 
remote: Create a pull request for 'bug' on GitHub by visiting:
remote:      https://github.com/tulio-araujo/pm87-anotacoes/pull/new/bug
remote: 
To github.com:tulio-araujo/pm87-anotacoes.git
 * [new branch]      bug -> bug
agil8542@caelumBSB03-08:~/workspace/pm87-anotacoes$ git checkout master
Switched to branch 'master'
agil8542@caelumBSB03-08:~/workspace/pm87-anotacoes$ git add curso.txt
fatal: pathspec 'curso.txt' did not match any files
agil8542@caelumBSB03-08:~/workspace/pm87-anotacoes$ ls
TesteGit.java  tulio-key  tulio-key.pub
agil8542@caelumBSB03-08:~/workspace/pm87-anotacoes$ git chechout bug
git: 'chechout' is not a git command. See 'git --help'.

The most similar command is
	checkout
agil8542@caelumBSB03-08:~/workspace/pm87-anotacoes$ git chekout bug
git: 'chekout' is not a git command. See 'git --help'.

The most similar command is
	checkout
agil8542@caelumBSB03-08:~/workspace/pm87-anotacoes$ git checkout bug
Switched to branch 'bug'
agil8542@caelumBSB03-08:~/workspace/pm87-anotacoes$ git merge master
Already up to date.
agil8542@caelumBSB03-08:~/workspace/pm87-anotacoes$ git checkout master
Switched to branch 'master'
agil8542@caelumBSB03-08:~/workspace/pm87-anotacoes$ ls
TesteGit.java  tulio-key  tulio-key.pub
agil8542@caelumBSB03-08:~/workspace/pm87-anotacoes$ git checkout bug
Switched to branch 'bug'
agil8542@caelumBSB03-08:~/workspace/pm87-anotacoes$ ls
curso.txt  TesteGit.java  tulio-key  tulio-key.pub
agil8542@caelumBSB03-08:~/workspace/pm87-anotacoes$ git checkout master
Switched to branch 'master'
agil8542@caelumBSB03-08:~/workspace/pm87-anotacoes$ git rebase bug
First, rewinding head to replay your work on top of it...
Fast-forwarded master to bug.
agil8542@caelumBSB03-08:~/workspace/pm87-anotacoes$ ls
curso.txt  TesteGit.java  tulio-key  tulio-key.pub
agil8542@caelumBSB03-08:~/workspace/pm87-anotacoes$ git push origin master
Total 0 (delta 0), reused 0 (delta 0)
To github.com:tulio-araujo/pm87-anotacoes.git
   73868c0..7b53e0f  master -> master
agil8542@caelumBSB03-08:~/workspace/pm87-anotacoes$
